[	{
		"result": "ok"
	},
	{
		"result": "ok"
	},
	{
		"result": "badAction"
	},
	{
		"result": "badMapName"
	},
	{
		"result": "badPlayersNum"
	},
	{
		"result": "badAction"
	},
	{
		"result": "badPlayersNum"
	},
	{
		"result": "badPlayersNum"
	},
	{
		"result": "ok", 
		"mapId": 4
	},
	{
		"result": "ok",
		"mapId": 5
	},
	{
		"result": "mapNameTaken"
	}
]
