{
    "status": "ok"
}
{
    "sid": "Vasya_Pupkin123456", 
    "status": "ok"
}
{
    "status": "ok"
}
{
    "sid": "banana123456", 
    "status": "ok"
}
{
    "mapId": 1, 
    "status": "ok"
}
{
    "gameId": 1, 
    "status": "ok"
}
{
    "status": "ok"
}
{
    "status": "ok"
}
{
    "status": "ok"
}
{
    "status": "ok"
}
{
    "status": "ok"
}
